<html>
<body>
<pre>
<h1>µVision Build Log</h1>
<h2>Tool Versions:</h2>
IDE-Version: ¦ÌVision V5.37.0.0
Copyright (C) 2022 ARM Ltd and ARM Germany GmbH. All rights reserved.
License Information: Yang HaiDong, ChongQingjiaotong, LIC=14HV2-94CG1-EVH1R-KV691-D8AH1-CAFP6
 
Tool Versions:
Toolchain:       MDK-ARM Plus  Version: 5.37.0.0
Toolchain Path:  C:\Keil_v5\ARM\ARMCLANG\Bin
C Compiler:      ArmClang.exe V6.18
Assembler:       Armasm.exe V6.18
Linker/Locator:  ArmLink.exe V6.18
Library Manager: ArmAr.exe V6.18
Hex Converter:   FromElf.exe V6.18
CPU DLL:         SARMCM3.DLL V5.37.0.0
Dialog DLL:      DCM.DLL V1.17.5.0
Target DLL:      STLink\ST-LINKIII-KEIL_SWO.dll V3.0.9.0
Dialog DLL:      TCM.DLL V1.56.1.0
 
<h2>Project:</h2>
E:\Serial_port_communication_and_interrupt\Serial_port_communication\MDK-ARM\Serial_port_communication.uvprojx
Project File Date:  10/22/2022

<h2>Output:</h2>
*** Using Compiler 'V6.18', folder: 'C:\Keil_v5\ARM\ARMCLANG\Bin'
Rebuild target 'Serial_port_communication'
compiling stm32f1xx_hal_tim_ex.c...
compiling stm32f1xx_hal_gpio_ex.c...
compiling gpio.c...
../Core/Src/main.c(39): warning: illegal character encoding in string literal [-Winvalid-source-encoding]
uint8_t cAlmStr[] = "<CA><FD><BE><DD><D2><E7><B3><F6>\r\n";
                     ^~~~~~~~~~~~~~~~~~~~~~~~~~~~~~~~
../Core/Src/main.c(174): warning: passing 'uint8_t[256]' (aka 'unsigned char[256]') to parameter of type 'const char *' converts between pointers to integer types where one is of the unique plain 'char' type and the other is not [-Wpointer-sign]
        if(strcmp(Uart1_RxBuff, str1) == 0)
                  ^~~~~~~~~~~~
C:\Keil_v5\ARM\ARMCLANG\Bin\..\include\string.h(125): note: passing argument to parameter here
extern _ARMABI int strcmp(const char * /*s1*/, const char * /*s2*/) __attribute__((__nonnull__(1,2)));
                                             ^
../Core/Src/main.c(174): warning: passing 'uint8_t[1]' (aka 'unsigned char[1]') to parameter of type 'const char *' converts between pointers to integer types where one is of the unique plain 'char' type and the other is not [-Wpointer-sign]
        if(strcmp(Uart1_RxBuff, str1) == 0)
                                ^~~~
C:\Keil_v5\ARM\ARMCLANG\Bin\..\include\string.h(125): note: passing argument to parameter here
extern _ARMABI int strcmp(const char * /*s1*/, const char * /*s2*/) __attribute__((__nonnull__(1,2)));
                                                                  ^
../Core/Src/main.c(180): warning: passing 'uint8_t[256]' (aka 'unsigned char[256]') to parameter of type 'const char *' converts between pointers to integer types where one is of the unique plain 'char' type and the other is not [-Wpointer-sign]
        if(strcmp(Uart1_RxBuff, str2) == 0)
                  ^~~~~~~~~~~~
C:\Keil_v5\ARM\ARMCLANG\Bin\..\include\string.h(125): note: passing argument to parameter here
extern _ARMABI int strcmp(const char * /*s1*/, const char * /*s2*/) __attribute__((__nonnull__(1,2)));
                                             ^
../Core/Src/main.c(180): warning: passing 'uint8_t[1]' (aka 'unsigned char[1]') to parameter of type 'const char *' converts between pointers to integer types where one is of the unique plain 'char' type and the other is not [-Wpointer-sign]
        if(strcmp(Uart1_RxBuff, str2) == 0)
                                ^~~~
C:\Keil_v5\ARM\ARMCLANG\Bin\..\include\string.h(125): note: passing argument to parameter here
extern _ARMABI int strcmp(const char * /*s1*/, const char * /*s2*/) __attribute__((__nonnull__(1,2)));
                                                                  ^
../Core/Src/main.c(186): warning: passing 'uint8_t[256]' (aka 'unsigned char[256]') to parameter of type 'const char *' converts between pointers to integer types where one is of the unique plain 'char' type and the other is not [-Wpointer-sign]
        if (strcmp(Uart1_RxBuff, go) == 0){
                   ^~~~~~~~~~~~
C:\Keil_v5\ARM\ARMCLANG\Bin\..\include\string.h(125): note: passing argument to parameter here
extern _ARMABI int strcmp(const char * /*s1*/, const char * /*s2*/) __attribute__((__nonnull__(1,2)));
                                             ^
../Core/Src/main.c(186): warning: passing 'uint8_t[20]' (aka 'unsigned char[20]') to parameter of type 'const char *' converts between pointers to integer types where one is of the unique plain 'char' type and the other is not [-Wpointer-sign]
        if (strcmp(Uart1_RxBuff, go) == 0){
                                 ^~
C:\Keil_v5\ARM\ARMCLANG\Bin\..\include\string.h(125): note: passing argument to parameter here
extern _ARMABI int strcmp(const char * /*s1*/, const char * /*s2*/) __attribute__((__nonnull__(1,2)));
                                                                  ^
../Core/Src/main.c(191): warning: passing 'uint8_t[256]' (aka 'unsigned char[256]') to parameter of type 'const char *' converts between pointers to integer types where one is of the unique plain 'char' type and the other is not [-Wpointer-sign]
        if (strcmp(Uart1_RxBuff, stop) == 0){
                   ^~~~~~~~~~~~
C:\Keil_v5\ARM\ARMCLANG\Bin\..\include\string.h(125): note: passing argument to parameter here
extern _ARMABI int strcmp(const char * /*s1*/, const char * /*s2*/) __attribute__((__nonnull__(1,2)));
                                             ^
../Core/Src/main.c(191): warning: passing 'uint8_t[20]' (aka 'unsigned char[20]') to parameter of type 'const char *' converts between pointers to integer types where one is of the unique plain 'char' type and the other is not [-Wpointer-sign]
        if (strcmp(Uart1_RxBuff, stop) == 0){
                                 ^~~~
C:\Keil_v5\ARM\ARMCLANG\Bin\..\include\string.h(125): note: passing argument to parameter here
extern _ARMABI int strcmp(const char * /*s1*/, const char * /*s2*/) __attribute__((__nonnull__(1,2)));
                                                                  ^
9 warnings generated.
compiling main.c...
compiling stm32f1xx_hal_tim.c...
compiling stm32f1xx_hal.c...
compiling stm32f1xx_hal_msp.c...
compiling usart.c...
compiling stm32f1xx_it.c...
assembling startup_stm32f103xe.s...
compiling stm32f1xx_hal_rcc_ex.c...
compiling stm32f1xx_hal_gpio.c...
compiling stm32f1xx_hal_rcc.c...
compiling stm32f1xx_hal_uart.c...
compiling system_stm32f1xx.c...
compiling stm32f1xx_hal_exti.c...
compiling stm32f1xx_hal_pwr.c...
compiling stm32f1xx_hal_cortex.c...
compiling stm32f1xx_hal_flash_ex.c...
compiling stm32f1xx_hal_dma.c...
compiling stm32f1xx_hal_flash.c...
linking...
Program Size: Code=5384 RO-data=400 RW-data=76 ZI-data=1364  
FromELF: creating hex file...
"Serial_port_communication\Serial_port_communication.axf" - 0 Error(s), 9 Warning(s).

<h2>Software Packages used:</h2>

Package Vendor: ARM
                http://www.keil.com/pack/ARM.CMSIS.5.9.0.pack
                ARM.CMSIS.5.9.0
                CMSIS (Common Microcontroller Software Interface Standard)
   * Component: CORE Version: 5.6.0

Package Vendor: Keil
                http://www.keil.com/pack/Keil.STM32F1xx_DFP.2.2.0.pack
                Keil.STM32F1xx_DFP.2.2.0
                STMicroelectronics STM32F1 Series Device Support, Drivers and Examples

<h2>Collection of Component include folders:</h2>
  ./RTE/_Serial_port_communication
  C:/Users/DELL/AppData/Local/Arm/Packs/ARM/CMSIS/5.9.0/CMSIS/Core/Include
  C:/Users/DELL/AppData/Local/Arm/Packs/Keil/STM32F1xx_DFP/2.2.0/Device/Include

<h2>Collection of Component Files used:</h2>

   * Component: ARM::CMSIS:CORE:5.6.0
      Include file:  CMSIS/Core/Include/tz_context.h
Build Time Elapsed:  00:00:02
</pre>
</body>
</html>
